// Jest Snapshot v1, https://goo.gl/fbAQLP

exports[`Snapshot of the Header component should render correctly 1`] = `
<header>
  <div
    className="container-fluid pe-4"
  >
    <h2
      className="theme"
    >
      <span>
        Track.it
      </span>
      <a
        className="center"
        href="/"
        onClick={[Function]}
      >
        <span>
          Sign out
        </span>
        <svg
          aria-hidden={true}
          className="MuiSvgIcon-root MuiSvgIcon-fontSizeSmall css-ptiqhd-MuiSvgIcon-root"
          data-testid="LogoutTwoToneIcon"
          focusable="false"
          viewBox="0 0 24 24"
        >
          <path
            d="M5 5h7V3H5c-1.1 0-2 .9-2 2v14c0 1.1.9 2 2 2h7v-2H5V5zm16 7-4-4v3H9v2h8v3l4-4z"
          />
        </svg>
      </a>
    </h2>
  </div>
</header>
`;
