// Jest Snapshot v1, https://goo.gl/fbAQLP

exports[`Snapshot of the Home component should render correctly when user visits app 1`] = `
<section
  className="home"
>
  <div
    className="home__banner"
  >
    <h1
      className="fw-bold"
    >
      <span
        className="me-3"
      >
        Expense Tracker
      </span>
      <svg
        aria-hidden={true}
        className="MuiSvgIcon-root MuiSvgIcon-fontSizeLarge css-tzssek-MuiSvgIcon-root"
        data-testid="CreditScoreTwoToneIcon"
        focusable="false"
        viewBox="0 0 24 24"
      >
        <path
          d="M20 4H4c-1.11 0-1.99.89-1.99 2L2 18c0 1.11.89 2 2 2h5v-2H4v-6h18V6c0-1.11-.89-2-2-2zm0 4H4V6h16v2zm-5.07 11.17-2.83-2.83-1.41 1.41L14.93 22 22 14.93l-1.41-1.41-5.66 5.65z"
        />
      </svg>
    </h1>
    <p
      className="fw-light"
    >
      Stay in control of your money
    </p>
  </div>
  <a
    className="btn home__btn"
    href="/signup"
    onClick={[Function]}
  >
    Sign Up
  </a>
  <a
    className="btn home__btn"
    href="/login"
    onClick={[Function]}
  >
    Log In
  </a>
</section>
`;
