// Jest Snapshot v1, https://goo.gl/fbAQLP

exports[`Testing the Nav component should render correctly at the bottom of page 1`] = `
<div
  className="navigate px-3"
>
  <button
    className="MuiButtonBase-root MuiFab-root MuiFab-extended MuiFab-sizeLarge css-1fvmj3-MuiButtonBase-root-MuiFab-root"
    disabled={false}
    onBlur={[Function]}
    onClick={[MockFunction]}
    onContextMenu={[Function]}
    onDragLeave={[Function]}
    onFocus={[Function]}
    onKeyDown={[Function]}
    onKeyUp={[Function]}
    onMouseDown={[Function]}
    onMouseLeave={[Function]}
    onMouseUp={[Function]}
    onTouchEnd={[Function]}
    onTouchMove={[Function]}
    onTouchStart={[Function]}
    tabIndex={0}
    type="button"
  >
    <svg
      aria-hidden={true}
      className="MuiSvgIcon-root MuiSvgIcon-fontSizeMedium css-8jexgt-MuiSvgIcon-root"
      data-testid="NavigationIcon"
      focusable="false"
      viewBox="0 0 24 24"
    >
      <path
        d="M12 2 4.5 20.29l.71.71L12 18l6.79 3 .71-.71z"
      />
    </svg>
    Navigate
  </button>
</div>
`;
