// Jest Snapshot v1, https://goo.gl/fbAQLP

exports[`Snapshot of the NotFound component should render correctly 1`] = `
<div
  className="container pt-4"
>
  <div
    className="text-center"
  >
    <h3>
      Page not Found!
    </h3>
    <p>
      <a
        href="/"
        onClick={[Function]}
      >
         Back to Homepage
      </a>
    </p>
  </div>
</div>
`;
